chris@LAPTOP-86NCSGS5 MINGW64 ~/practice1 (master)
$ git add .

chris@LAPTOP-86NCSGS5 MINGW64 ~/practice1 (master)
$ git status
On branch master
Changes to be committed:
  (use "git reset HEAD <file>..." to unstage)

        modified:   practice1.txt


chris@LAPTOP-86NCSGS5 MINGW64 ~/practice1 (master)
$ git commit -m "some text"
[master bbf2130] some text
 1 file changed, 1 insertion(+)

chris@LAPTOP-86NCSGS5 MINGW64 ~/practice1 (master)
$ git status
On branch master
nothing to commit, working tree clean

chris@LAPTOP-86NCSGS5 MINGW64 ~/practice1 (master)
$ git push
fatal: The current branch master has no upstream branch.
To push the current branch and set the remote as upstream, use

    git push --set-upstream origin master


chris@LAPTOP-86NCSGS5 MINGW64 ~/practice1 (master)
$ git push origin master
To https://github.com/clark1472/practice1.git
 ! [rejected]        master -> master (non-fast-forward)
error: failed to push some refs to 'https://github.com/clark1472/practice1.git'
hint: Updates were rejected because the tip of your current branch is behind
hint: its remote counterpart. Integrate the remote changes (e.g.
hint: 'git pull ...') before pushing again.
hint: See the 'Note about fast-forwards' in 'git push --help' for details.

chris@LAPTOP-86NCSGS5 MINGW64 ~/practice1 (master)
$
git push --set-upstream origin master